#0 building with "default" instance using docker driver

#1 [internal] load build definition from Dockerfile.deps
#1 transferring dockerfile: 3.82kB done
#1 DONE 0.0s

#2 resolve image config for docker-image://docker.io/docker/dockerfile:1
#2 DONE 0.9s

#3 docker-image://docker.io/docker/dockerfile:1@sha256:2780b5c3bab67f1f76c781860de469442999ed1a0d7992a5efdf2cffc0e3d769
#3 CACHED

#4 [internal] load metadata for docker.io/library/python:3.11-slim
#4 DONE 0.8s

#5 [internal] load .dockerignore
#5 transferring context: 1.22kB done
#5 DONE 0.0s

#6 [runtime-base 1/6] FROM docker.io/library/python:3.11-slim@sha256:233de06753d30d120b1a3ce359d8d3be8bda78524cd8f520c99883bfe33964cf
#6 DONE 0.0s

#7 [internal] load build context
#7 transferring context: 3.69kB 0.0s done
#7 DONE 0.1s

#8 [runtime-base 2/6] WORKDIR /app
#8 CACHED

#9 [runtime-base 3/6] RUN apt-get update     && apt-get install -y --no-install-recommends         libgl1         libglib2.0-0         libharfbuzz-subset0         libpango-1.0-0         libpangoft2-1.0-0         libsm6         libx11-6         libxext6         libxcb1         libxrender1         pandoc         tesseract-ocr         tesseract-ocr-eng         tesseract-ocr-swe     && rm -rf /var/lib/apt/lists/*
#9 CACHED

#10 [runtime-base 6/6] RUN mkdir -p /var/lib/sir-convert-a-lot/prod /var/lib/sir-convert-a-lot/local
#10 CACHED

#11 [runtime-base 4/6] RUN getent group video >/dev/null || groupadd --system video
#11 CACHED

#12 [runtime-base 5/6] RUN getent group render >/dev/null || groupadd --system render
#12 CACHED

#13 [deps-base 1/4] COPY docker/service-deps/service-requirements.txt /tmp/service-requirements.txt
#13 CACHED

#14 [deps-base 2/4] RUN python -m venv "/app/.venv"
#14 DONE 5.1s

#15 [deps-base 3/4] RUN --mount=type=cache,id=sir-convert-a-lot-pip,target=/root/.cache/pip     python -m pip install --upgrade pip
#15 1.155 Requirement already satisfied: pip in ./.venv/lib/python3.11/site-packages (24.0)
#15 1.360 Collecting pip
#15 1.363   Using cached pip-26.0.1-py3-none-any.whl.metadata (4.7 kB)
#15 1.367 Using cached pip-26.0.1-py3-none-any.whl (1.8 MB)
#15 1.426 Installing collected packages: pip
#15 1.426   Attempting uninstall: pip
#15 1.428     Found existing installation: pip 24.0
#15 1.487     Uninstalling pip-24.0:
#15 2.797       Successfully uninstalled pip-24.0
#15 3.673 Successfully installed pip-26.0.1
#15 DONE 4.0s

#16 [deps-base 4/4] RUN --mount=type=cache,id=sir-convert-a-lot-pip,target=/root/.cache/pip     python -m pip install --no-deps -r /tmp/service-requirements.txt
#16 1.185 Ignoring brotlicffi: markers 'platform_python_implementation != "CPython"' don't match your environment
#16 1.185 Ignoring colorama: markers 'platform_system == "Windows" or sys_platform == "win32"' don't match your environment
#16 1.186 Ignoring ocrmac: markers 'sys_platform == "darwin"' don't match your environment
#16 1.187 Ignoring pyobjc-core: markers 'sys_platform == "darwin"' don't match your environment
#16 1.187 Ignoring pyobjc-framework-cocoa: markers 'sys_platform == "darwin"' don't match your environment
#16 1.187 Ignoring pyobjc-framework-coreml: markers 'sys_platform == "darwin"' don't match your environment
#16 1.187 Ignoring pyobjc-framework-quartz: markers 'sys_platform == "darwin"' don't match your environment
#16 1.188 Ignoring pyobjc-framework-vision: markers 'sys_platform == "darwin"' don't match your environment
#16 1.188 Ignoring pywin32: markers 'sys_platform == "win32" or platform_system == "Windows"' don't match your environment
#16 1.188 Ignoring setuptools: markers 'python_version >= "3.12"' don't match your environment
#16 1.343 Collecting accelerate==1.12.0 (from -r /tmp/service-requirements.txt (line 4))
#16 1.345   Using cached accelerate-1.12.0-py3-none-any.whl.metadata (19 kB)
#16 1.381 Collecting annotated-doc==0.0.4 (from -r /tmp/service-requirements.txt (line 5))
#16 1.383   Using cached annotated_doc-0.0.4-py3-none-any.whl.metadata (6.6 kB)
#16 1.415 Collecting annotated-types==0.7.0 (from -r /tmp/service-requirements.txt (line 6))
#16 1.416   Using cached annotated_types-0.7.0-py3-none-any.whl.metadata (15 kB)
#16 1.449 Collecting antlr4-python3-runtime==4.9.3 (from -r /tmp/service-requirements.txt (line 7))
#16 1.450   Using cached antlr4_python3_runtime-4.9.3-py3-none-any.whl
#16 1.501 Collecting anyio==4.12.1 (from -r /tmp/service-requirements.txt (line 8))
#16 1.504   Using cached anyio-4.12.1-py3-none-any.whl.metadata (4.3 kB)
#16 1.550 Collecting attrs==25.4.0 (from -r /tmp/service-requirements.txt (line 9))
#16 1.552   Using cached attrs-25.4.0-py3-none-any.whl.metadata (10 kB)
#16 1.603 Collecting beautifulsoup4==4.14.3 (from -r /tmp/service-requirements.txt (line 10))
#16 1.606   Using cached beautifulsoup4-4.14.3-py3-none-any.whl.metadata (3.8 kB)
#16 1.658 Collecting brotli==1.2.0 (from -r /tmp/service-requirements.txt (line 11))
#16 1.660   Using cached brotli-1.2.0-cp311-cp311-manylinux2014_x86_64.manylinux_2_17_x86_64.whl.metadata (6.1 kB)
#16 1.698 Collecting certifi==2026.2.25 (from -r /tmp/service-requirements.txt (line 13))
#16 1.699   Using cached certifi-2026.2.25-py3-none-any.whl.metadata (2.5 kB)
#16 1.844 Collecting cffi==2.0.0 (from -r /tmp/service-requirements.txt (line 14))
#16 1.846   Using cached cffi-2.0.0-cp311-cp311-manylinux2014_x86_64.manylinux_2_17_x86_64.whl.metadata (2.6 kB)
#16 1.968 Collecting charset-normalizer==3.4.5 (from -r /tmp/service-requirements.txt (line 15))
#16 1.971   Using cached charset_normalizer-3.4.5-cp311-cp311-manylinux2014_x86_64.manylinux_2_17_x86_64.manylinux_2_28_x86_64.whl.metadata (39 kB)
#16 2.005 Collecting click==8.3.1 (from -r /tmp/service-requirements.txt (line 16))
#16 2.007   Using cached click-8.3.1-py3-none-any.whl.metadata (2.6 kB)
#16 2.038 Collecting colorlog==6.10.1 (from -r /tmp/service-requirements.txt (line 18))
#16 2.040   Using cached colorlog-6.10.1-py3-none-any.whl.metadata (11 kB)
#16 2.071 Collecting cssselect2==0.9.0 (from -r /tmp/service-requirements.txt (line 19))
#16 2.073   Using cached cssselect2-0.9.0-py3-none-any.whl.metadata (2.9 kB)
#16 2.103 Collecting cuda-pathfinder==1.4.1 (from -r /tmp/service-requirements.txt (line 20))
#16 2.105   Using cached cuda_pathfinder-1.4.1-py3-none-any.whl.metadata (1.9 kB)
#16 2.137 Collecting defusedxml==0.7.1 (from -r /tmp/service-requirements.txt (line 21))
#16 2.139   Using cached defusedxml-0.7.1-py2.py3-none-any.whl.metadata (32 kB)
#16 2.183 Collecting dill==0.4.0 (from -r /tmp/service-requirements.txt (line 22))
#16 2.186   Using cached dill-0.4.0-py3-none-any.whl.metadata (10 kB)
#16 2.256 Collecting docling==2.73.1 (from -r /tmp/service-requirements.txt (line 23))
#16 2.257   Using cached docling-2.73.1-py3-none-any.whl.metadata (11 kB)
#16 2.306 Collecting docling-core==2.68.0 (from docling-core[chunking]==2.68.0->-r /tmp/service-requirements.txt (line 24))
#16 2.308   Using cached docling_core-2.68.0-py3-none-any.whl.metadata (7.6 kB)
#16 2.347 Collecting docling-ibm-models==3.11.0 (from -r /tmp/service-requirements.txt (line 25))
#16 2.348   Using cached docling_ibm_models-3.11.0-py3-none-any.whl.metadata (7.2 kB)
#16 2.479 Collecting docling-parse==4.7.3 (from -r /tmp/service-requirements.txt (line 26))
#16 2.482   Using cached docling_parse-4.7.3-cp311-cp311-manylinux_2_27_x86_64.manylinux_2_28_x86_64.whl.metadata (10 kB)
#16 2.515 Collecting easyocr==1.7.2 (from -r /tmp/service-requirements.txt (line 27))
#16 2.517   Using cached easyocr-1.7.2-py3-none-any.whl.metadata (10 kB)
#16 2.545 Collecting et-xmlfile==2.0.0 (from -r /tmp/service-requirements.txt (line 28))
#16 2.546   Using cached et_xmlfile-2.0.0-py3-none-any.whl.metadata (2.7 kB)
#16 2.655 Collecting faker==40.8.0 (from -r /tmp/service-requirements.txt (line 29))
#16 2.658   Using cached faker-40.8.0-py3-none-any.whl.metadata (16 kB)
#16 2.716 Collecting fastapi==0.135.1 (from -r /tmp/service-requirements.txt (line 30))
#16 2.718   Using cached fastapi-0.135.1-py3-none-any.whl.metadata (30 kB)
#16 2.756 Collecting filelock==3.25.0 (from -r /tmp/service-requirements.txt (line 31))
#16 2.758   Using cached filelock-3.25.0-py3-none-any.whl.metadata (2.0 kB)
#16 2.792 Collecting filetype==1.2.0 (from -r /tmp/service-requirements.txt (line 32))
#16 2.794   Using cached filetype-1.2.0-py2.py3-none-any.whl.metadata (6.5 kB)
#16 2.998 Collecting fonttools==4.61.1 (from fonttools[woff]==4.61.1->-r /tmp/service-requirements.txt (line 33))
#16 3.001   Using cached fonttools-4.61.1-cp311-cp311-manylinux2014_x86_64.manylinux_2_17_x86_64.whl.metadata (114 kB)
#16 3.047 Collecting fsspec==2026.2.0 (from -r /tmp/service-requirements.txt (line 34))
#16 3.049   Using cached fsspec-2026.2.0-py3-none-any.whl.metadata (10 kB)
#16 3.094 Collecting h11==0.16.0 (from -r /tmp/service-requirements.txt (line 35))
#16 3.096   Using cached h11-0.16.0-py3-none-any.whl.metadata (8.3 kB)
#16 3.185 Collecting hf-xet==1.3.2 (from -r /tmp/service-requirements.txt (line 36))
#16 3.187   Using cached hf_xet-1.3.2-cp37-abi3-manylinux2014_x86_64.manylinux_2_17_x86_64.whl.metadata (4.9 kB)
#16 3.223 Collecting httpcore==1.0.9 (from -r /tmp/service-requirements.txt (line 37))
#16 3.224   Using cached httpcore-1.0.9-py3-none-any.whl.metadata (21 kB)
#16 3.275 Collecting httpx==0.28.1 (from -r /tmp/service-requirements.txt (line 38))
#16 3.278   Using cached httpx-0.28.1-py3-none-any.whl.metadata (7.1 kB)
#16 3.339 Collecting huggingface-hub==0.34.4 (from -r /tmp/service-requirements.txt (line 39))
#16 3.342   Using cached huggingface_hub-0.34.4-py3-none-any.whl.metadata (14 kB)
#16 3.388 Collecting idna==3.11 (from -r /tmp/service-requirements.txt (line 40))
#16 3.390   Using cached idna-3.11-py3-none-any.whl.metadata (8.4 kB)
#16 3.430 Collecting imageio==2.37.2 (from -r /tmp/service-requirements.txt (line 41))
#16 3.431   Using cached imageio-2.37.2-py3-none-any.whl.metadata (9.7 kB)
#16 3.475 Collecting jinja2==3.1.6 (from -r /tmp/service-requirements.txt (line 42))
#16 3.477   Using cached jinja2-3.1.6-py3-none-any.whl.metadata (2.9 kB)
#16 3.504 Collecting jsonlines==4.0.0 (from -r /tmp/service-requirements.txt (line 43))
#16 3.506   Using cached jsonlines-4.0.0-py3-none-any.whl.metadata (1.6 kB)
#16 3.533 Collecting jsonref==1.1.0 (from -r /tmp/service-requirements.txt (line 44))
#16 3.535   Using cached jsonref-1.1.0-py3-none-any.whl.metadata (2.7 kB)
#16 3.593 Collecting jsonschema==4.26.0 (from -r /tmp/service-requirements.txt (line 45))
#16 3.597   Using cached jsonschema-4.26.0-py3-none-any.whl.metadata (7.6 kB)
#16 3.631 Collecting jsonschema-specifications==2025.9.1 (from -r /tmp/service-requirements.txt (line 46))
#16 3.633   Using cached jsonschema_specifications-2025.9.1-py3-none-any.whl.metadata (2.9 kB)
#16 3.729 Collecting latex2mathml==3.78.1 (from -r /tmp/service-requirements.txt (line 47))
#16 3.732   Using cached latex2mathml-3.78.1-py3-none-any.whl.metadata (15 kB)
#16 3.764 Collecting lazy-loader==0.5 (from -r /tmp/service-requirements.txt (line 48))
#16 3.765   Using cached lazy_loader-0.5-py3-none-any.whl.metadata (5.9 kB)
#16 4.028 Collecting lxml==6.0.2 (from -r /tmp/service-requirements.txt (line 49))
#16 4.031   Using cached lxml-6.0.2-cp311-cp311-manylinux_2_26_x86_64.manylinux_2_28_x86_64.whl.metadata (3.6 kB)
#16 4.062 Collecting markdown-it-py==4.0.0 (from -r /tmp/service-requirements.txt (line 50))
#16 4.063   Using cached markdown_it_py-4.0.0-py3-none-any.whl.metadata (7.3 kB)
#16 4.098 Collecting marko==2.2.2 (from -r /tmp/service-requirements.txt (line 51))
#16 4.100   Using cached marko-2.2.2-py3-none-any.whl.metadata (4.5 kB)
#16 4.175 Collecting markupsafe==3.0.3 (from -r /tmp/service-requirements.txt (line 52))
#16 4.177   Using cached markupsafe-3.0.3-cp311-cp311-manylinux2014_x86_64.manylinux_2_17_x86_64.manylinux_2_28_x86_64.whl.metadata (2.7 kB)
#16 4.331 Collecting mdformat==1.0.0 (from -r /tmp/service-requirements.txt (line 53))
#16 4.333   Using cached mdformat-1.0.0-py3-none-any.whl.metadata (9.6 kB)
#16 4.470 Collecting mdformat-gfm==1.0.0 (from -r /tmp/service-requirements.txt (line 54))
#16 4.473   Using cached mdformat_gfm-1.0.0-py3-none-any.whl.metadata (2.7 kB)
#16 4.509 Collecting mdit-py-plugins==0.5.0 (from -r /tmp/service-requirements.txt (line 55))
#16 4.512   Using cached mdit_py_plugins-0.5.0-py3-none-any.whl.metadata (2.8 kB)
#16 4.550 Collecting mdurl==0.1.2 (from -r /tmp/service-requirements.txt (line 56))
#16 4.553   Using cached mdurl-0.1.2-py3-none-any.whl.metadata (1.6 kB)
#16 4.595 Collecting mpire==2.10.2 (from mpire[dill]==2.10.2->-r /tmp/service-requirements.txt (line 57))
#16 4.598   Using cached mpire-2.10.2-py3-none-any.whl.metadata (14 kB)
#16 4.646 Collecting mpmath==1.3.0 (from -r /tmp/service-requirements.txt (line 58))
#16 4.649   Using cached mpmath-1.3.0-py3-none-any.whl.metadata (8.6 kB)
#16 4.707 Collecting multiprocess==0.70.18 (from -r /tmp/service-requirements.txt (line 59))
#16 4.709   Using cached multiprocess-0.70.18-py311-none-any.whl.metadata (7.5 kB)
#16 4.748 Collecting networkx==3.6.1 (from -r /tmp/service-requirements.txt (line 60))
#16 4.749   Using cached networkx-3.6.1-py3-none-any.whl.metadata (6.8 kB)
#16 4.811 Collecting ninja==1.13.0 (from -r /tmp/service-requirements.txt (line 61))
#16 4.813   Using cached ninja-1.13.0-py3-none-manylinux2014_x86_64.manylinux_2_17_x86_64.whl.metadata (5.1 kB)
#16 5.119 Collecting numpy==2.4.2 (from -r /tmp/service-requirements.txt (line 62))
#16 5.121   Using cached numpy-2.4.2-cp311-cp311-manylinux_2_27_x86_64.manylinux_2_28_x86_64.whl.metadata (6.6 kB)
#16 5.167 Collecting omegaconf==2.3.0 (from -r /tmp/service-requirements.txt (line 64))
#16 5.169   Using cached omegaconf-2.3.0-py3-none-any.whl.metadata (3.9 kB)
#16 5.256 Collecting opencv-python==4.13.0.92 (from -r /tmp/service-requirements.txt (line 65))
#16 5.259   Using cached opencv_python-4.13.0.92-cp37-abi3-manylinux_2_28_x86_64.whl.metadata (19 kB)
#16 5.338 Collecting opencv-python-headless==4.13.0.92 (from -r /tmp/service-requirements.txt (line 66))
#16 5.340   Using cached opencv_python_headless-4.13.0.92-cp37-abi3-manylinux_2_28_x86_64.whl.metadata (19 kB)
#16 5.378 Collecting openpyxl==3.1.5 (from -r /tmp/service-requirements.txt (line 67))
#16 5.380   Using cached openpyxl-3.1.5-py2.py3-none-any.whl.metadata (2.5 kB)
#16 5.432 Collecting packaging==26.0 (from -r /tmp/service-requirements.txt (line 68))
#16 5.435   Using cached packaging-26.0-py3-none-any.whl.metadata (3.3 kB)
#16 5.598 Collecting pandas==2.3.3 (from -r /tmp/service-requirements.txt (line 69))
#16 5.600   Using cached pandas-2.3.3-cp311-cp311-manylinux_2_24_x86_64.manylinux_2_28_x86_64.whl.metadata (91 kB)
#16 5.922 Collecting pillow==12.1.1 (from -r /tmp/service-requirements.txt (line 70))
#16 5.925   Using cached pillow-12.1.1-cp311-cp311-manylinux_2_27_x86_64.manylinux_2_28_x86_64.whl.metadata (8.8 kB)
#16 5.960 Collecting pluggy==1.6.0 (from -r /tmp/service-requirements.txt (line 71))
#16 5.961   Using cached pluggy-1.6.0-py3-none-any.whl.metadata (4.8 kB)
#16 5.997 Collecting polyfactory==3.3.0 (from -r /tmp/service-requirements.txt (line 72))
#16 5.998   Using cached polyfactory-3.3.0-py3-none-any.whl.metadata (27 kB)
#16 6.040 Collecting prometheus-client==0.24.1 (from -r /tmp/service-requirements.txt (line 73))
#16 6.043   Using cached prometheus_client-0.24.1-py3-none-any.whl.metadata (2.1 kB)
#16 6.146 Collecting psutil==7.2.2 (from -r /tmp/service-requirements.txt (line 74))
#16 6.149   Using cached psutil-7.2.2-cp36-abi3-manylinux2010_x86_64.manylinux_2_12_x86_64.manylinux_2_28_x86_64.whl.metadata (22 kB)
#16 6.205 Collecting pyclipper==1.4.0 (from -r /tmp/service-requirements.txt (line 75))
#16 6.207   Using cached pyclipper-1.4.0-cp311-cp311-manylinux2014_x86_64.manylinux_2_17_x86_64.whl.metadata (8.6 kB)
#16 6.242 Collecting pycparser==3.0 (from -r /tmp/service-requirements.txt (line 76))
#16 6.244   Using cached pycparser-3.0-py3-none-any.whl.metadata (8.2 kB)
#16 6.381 Collecting pydantic==2.12.5 (from -r /tmp/service-requirements.txt (line 77))
#16 6.382   Using cached pydantic-2.12.5-py3-none-any.whl.metadata (90 kB)
#16 7.250 Collecting pydantic-core==2.41.5 (from -r /tmp/service-requirements.txt (line 78))
#16 7.253   Using cached pydantic_core-2.41.5-cp311-cp311-manylinux_2_17_x86_64.manylinux2014_x86_64.whl.metadata (7.3 kB)
#16 7.287 Collecting pydantic-settings==2.13.1 (from -r /tmp/service-requirements.txt (line 79))
#16 7.289   Using cached pydantic_settings-2.13.1-py3-none-any.whl.metadata (3.4 kB)
#16 7.319 Collecting pydyf==0.12.1 (from -r /tmp/service-requirements.txt (line 80))
#16 7.320   Using cached pydyf-0.12.1-py3-none-any.whl.metadata (2.5 kB)
#16 7.449 Collecting pygments==2.19.2 (from -r /tmp/service-requirements.txt (line 81))
#16 7.451   Using cached pygments-2.19.2-py3-none-any.whl.metadata (2.5 kB)
#16 7.482 Collecting pylatexenc==2.10 (from -r /tmp/service-requirements.txt (line 82))
#16 7.482   Using cached pylatexenc-2.10-py3-none-any.whl
#16 7.699 Collecting pymupdf==1.27.1 (from -r /tmp/service-requirements.txt (line 83))
#16 7.702   Using cached pymupdf-1.27.1-cp310-abi3-manylinux_2_28_x86_64.whl.metadata (3.4 kB)
#16 7.843 Collecting pymupdf4llm==0.3.4 (from -r /tmp/service-requirements.txt (line 84))
#16 7.846   Using cached pymupdf4llm-0.3.4-py3-none-any.whl.metadata (7.5 kB)
#16 7.978 Collecting pypdfium2==5.6.0 (from -r /tmp/service-requirements.txt (line 90))
#16 7.980   Using cached pypdfium2-5.6.0-py3-none-manylinux_2_17_x86_64.manylinux2014_x86_64.whl.metadata (68 kB)
#16 8.013 Collecting pyphen==0.17.2 (from -r /tmp/service-requirements.txt (line 91))
#16 8.015   Using cached pyphen-0.17.2-py3-none-any.whl.metadata (3.2 kB)
#16 8.097 Collecting python-bidi==0.6.7 (from -r /tmp/service-requirements.txt (line 92))
#16 8.099   Using cached python_bidi-0.6.7-cp311-cp311-manylinux_2_17_x86_64.manylinux2014_x86_64.whl.metadata (4.9 kB)
#16 8.131 Collecting python-dateutil==2.9.0.post0 (from -r /tmp/service-requirements.txt (line 93))
#16 8.133   Using cached python_dateutil-2.9.0.post0-py2.py3-none-any.whl.metadata (8.4 kB)
#16 8.164 Collecting python-docx==1.2.0 (from -r /tmp/service-requirements.txt (line 94))
#16 8.166   Using cached python_docx-1.2.0-py3-none-any.whl.metadata (2.0 kB)
#16 8.204 Collecting python-dotenv==1.2.2 (from -r /tmp/service-requirements.txt (line 95))
#16 8.207   Using cached python_dotenv-1.2.2-py3-none-any.whl.metadata (27 kB)
#16 8.248 Collecting python-multipart==0.0.22 (from -r /tmp/service-requirements.txt (line 96))
#16 8.251   Using cached python_multipart-0.0.22-py3-none-any.whl.metadata (1.8 kB)
#16 8.292 Collecting python-pptx==1.0.2 (from -r /tmp/service-requirements.txt (line 97))
#16 8.295   Using cached python_pptx-1.0.2-py3-none-any.whl.metadata (2.5 kB)
#16 8.370 Collecting pytz==2026.1.post1 (from -r /tmp/service-requirements.txt (line 98))
#16 8.372   Using cached pytz-2026.1.post1-py2.py3-none-any.whl.metadata (22 kB)
#16 8.430 Collecting pyyaml==6.0.3 (from -r /tmp/service-requirements.txt (line 100))
#16 8.431   Using cached pyyaml-6.0.3-cp311-cp311-manylinux2014_x86_64.manylinux_2_17_x86_64.manylinux_2_28_x86_64.whl.metadata (2.4 kB)
#16 8.461 Collecting rapidocr==3.7.0 (from -r /tmp/service-requirements.txt (line 101))
#16 8.462   Using cached rapidocr-3.7.0-py3-none-any.whl.metadata (1.5 kB)
#16 8.505 Collecting referencing==0.37.0 (from -r /tmp/service-requirements.txt (line 102))
#16 8.507   Using cached referencing-0.37.0-py3-none-any.whl.metadata (2.8 kB)
#16 9.076 Collecting regex==2026.2.28 (from -r /tmp/service-requirements.txt (line 103))
#16 9.079   Using cached regex-2026.2.28-cp311-cp311-manylinux2014_x86_64.manylinux_2_17_x86_64.manylinux_2_28_x86_64.whl.metadata (40 kB)
#16 9.120 Collecting requests==2.32.5 (from -r /tmp/service-requirements.txt (line 104))
#16 9.122   Using cached requests-2.32.5-py3-none-any.whl.metadata (4.9 kB)
#16 9.174 Collecting rich==14.3.3 (from -r /tmp/service-requirements.txt (line 105))
#16 9.175   Using cached rich-14.3.3-py3-none-any.whl.metadata (18 kB)
#16 9.490 Collecting rpds-py==0.30.0 (from -r /tmp/service-requirements.txt (line 106))
#16 9.492   Using cached rpds_py-0.30.0-cp311-cp311-manylinux_2_17_x86_64.manylinux2014_x86_64.whl.metadata (4.1 kB)
#16 9.539 Collecting rtree==1.4.1 (from -r /tmp/service-requirements.txt (line 107))
#16 9.541   Using cached rtree-1.4.1-py3-none-manylinux_2_24_x86_64.manylinux_2_28_x86_64.whl.metadata (2.1 kB)
#16 9.799 Collecting safetensors==0.5.3 (from safetensors[numpy]==0.5.3->-r /tmp/service-requirements.txt (line 108))
#16 9.800   Using cached safetensors-0.5.3-cp38-abi3-manylinux_2_17_x86_64.manylinux2014_x86_64.whl.metadata (3.8 kB)
#16 9.899 Collecting scikit-image==0.26.0 (from -r /tmp/service-requirements.txt (line 110))
#16 9.901   Using cached scikit_image-0.26.0-cp311-cp311-manylinux_2_24_x86_64.manylinux_2_28_x86_64.whl.metadata (15 kB)
#16 10.07 Collecting scipy==1.17.1 (from -r /tmp/service-requirements.txt (line 111))
#16 10.07   Using cached scipy-1.17.1-cp311-cp311-manylinux_2_27_x86_64.manylinux_2_28_x86_64.whl.metadata (62 kB)
#16 10.12 Collecting semchunk==2.2.2 (from -r /tmp/service-requirements.txt (line 112))
#16 10.12   Using cached semchunk-2.2.2-py3-none-any.whl.metadata (10 kB)
#16 10.23 Collecting shapely==2.1.2 (from -r /tmp/service-requirements.txt (line 114))
#16 10.23   Using cached shapely-2.1.2-cp311-cp311-manylinux2014_x86_64.manylinux_2_17_x86_64.whl.metadata (6.8 kB)
#16 10.26 Collecting shellingham==1.5.4 (from -r /tmp/service-requirements.txt (line 115))
#16 10.26   Using cached shellingham-1.5.4-py2.py3-none-any.whl.metadata (3.5 kB)
#16 10.29 Collecting six==1.17.0 (from -r /tmp/service-requirements.txt (line 116))
#16 10.29   Using cached six-1.17.0-py2.py3-none-any.whl.metadata (1.7 kB)
#16 10.33 Collecting soupsieve==2.8.3 (from -r /tmp/service-requirements.txt (line 117))
#16 10.33   Using cached soupsieve-2.8.3-py3-none-any.whl.metadata (4.6 kB)
#16 10.38 Collecting starlette==0.52.1 (from -r /tmp/service-requirements.txt (line 118))
#16 10.38   Using cached starlette-0.52.1-py3-none-any.whl.metadata (6.3 kB)
#16 10.42 Collecting sympy==1.14.0 (from -r /tmp/service-requirements.txt (line 119))
#16 10.42   Using cached sympy-1.14.0-py3-none-any.whl.metadata (12 kB)
#16 10.45 Collecting tabulate==0.9.0 (from -r /tmp/service-requirements.txt (line 120))
#16 10.45   Using cached tabulate-0.9.0-py3-none-any.whl.metadata (34 kB)
#16 10.51 Collecting tifffile==2026.3.3 (from -r /tmp/service-requirements.txt (line 121))
#16 10.51   Using cached tifffile-2026.3.3-py3-none-any.whl.metadata (31 kB)
#16 10.55 Collecting tinycss2==1.5.1 (from -r /tmp/service-requirements.txt (line 122))
#16 10.55   Using cached tinycss2-1.5.1-py3-none-any.whl.metadata (3.0 kB)
#16 10.58 Collecting tinyhtml5==2.1.0 (from -r /tmp/service-requirements.txt (line 123))
#16 10.58   Using cached tinyhtml5-2.1.0-py3-none-any.whl.metadata (2.9 kB)
#16 10.92 Collecting tokenizers==0.22.2 (from -r /tmp/service-requirements.txt (line 124))
#16 10.92   Using cached tokenizers-0.22.2-cp39-abi3-manylinux_2_17_x86_64.manylinux2014_x86_64.whl.metadata (7.3 kB)
#16 10.97 Collecting tqdm==4.67.3 (from -r /tmp/service-requirements.txt (line 125))
#16 10.97   Using cached tqdm-4.67.3-py3-none-any.whl.metadata (57 kB)
#16 11.03 Collecting transformers==4.57.3 (from -r /tmp/service-requirements.txt (line 126))
#16 11.03   Using cached transformers-4.57.3-py3-none-any.whl.metadata (43 kB)
#16 11.23 Collecting tree-sitter==0.25.2 (from -r /tmp/service-requirements.txt (line 127))
#16 11.23   Using cached tree_sitter-0.25.2-cp311-cp311-manylinux2014_x86_64.manylinux_2_17_x86_64.manylinux_2_28_x86_64.whl.metadata (10.0 kB)
#16 11.26 Collecting tree-sitter-c==0.24.1 (from -r /tmp/service-requirements.txt (line 128))
#16 11.27   Using cached tree_sitter_c-0.24.1-cp310-abi3-manylinux_2_5_x86_64.manylinux1_x86_64.manylinux_2_17_x86_64.manylinux2014_x86_64.whl.metadata (1.8 kB)
#16 11.30 Collecting tree-sitter-javascript==0.25.0 (from -r /tmp/service-requirements.txt (line 129))
#16 11.30   Using cached tree_sitter_javascript-0.25.0-cp310-abi3-manylinux1_x86_64.manylinux_2_28_x86_64.manylinux_2_5_x86_64.whl.metadata (2.2 kB)
#16 11.34 Collecting tree-sitter-python==0.25.0 (from -r /tmp/service-requirements.txt (line 130))
#16 11.35   Using cached tree_sitter_python-0.25.0-cp310-abi3-manylinux1_x86_64.manylinux_2_28_x86_64.manylinux_2_5_x86_64.whl.metadata (1.9 kB)
#16 11.39 Collecting tree-sitter-typescript==0.23.2 (from -r /tmp/service-requirements.txt (line 131))
#16 11.39   Using cached tree_sitter_typescript-0.23.2-cp39-abi3-manylinux_2_5_x86_64.manylinux1_x86_64.manylinux_2_17_x86_64.manylinux2014_x86_64.whl.metadata (2.3 kB)
#16 11.44 Collecting typer==0.21.2 (from -r /tmp/service-requirements.txt (line 132))
#16 11.45   Using cached typer-0.21.2-py3-none-any.whl.metadata (16 kB)
#16 11.49 Collecting typing-extensions==4.15.0 (from -r /tmp/service-requirements.txt (line 133))
#16 11.49   Using cached typing_extensions-4.15.0-py3-none-any.whl.metadata (3.3 kB)
#16 11.52 Collecting typing-inspection==0.4.2 (from -r /tmp/service-requirements.txt (line 134))
#16 11.53   Using cached typing_inspection-0.4.2-py3-none-any.whl.metadata (2.6 kB)
#16 11.57 Collecting tzdata==2025.3 (from -r /tmp/service-requirements.txt (line 135))
#16 11.57   Using cached tzdata-2025.3-py2.py3-none-any.whl.metadata (1.4 kB)
#16 11.63 Collecting urllib3==2.6.3 (from -r /tmp/service-requirements.txt (line 136))
#16 11.63   Using cached urllib3-2.6.3-py3-none-any.whl.metadata (6.9 kB)
#16 11.68 Collecting uvicorn==0.41.0 (from -r /tmp/service-requirements.txt (line 137))
#16 11.68   Using cached uvicorn-0.41.0-py3-none-any.whl.metadata (6.7 kB)
#16 11.71 Collecting wcwidth==0.6.0 (from -r /tmp/service-requirements.txt (line 138))
#16 11.72   Using cached wcwidth-0.6.0-py3-none-any.whl.metadata (30 kB)
#16 11.78 Collecting weasyprint==68.1 (from -r /tmp/service-requirements.txt (line 139))
#16 11.78   Using cached weasyprint-68.1-py3-none-any.whl.metadata (3.7 kB)
#16 11.82 Collecting webencodings==0.5.1 (from -r /tmp/service-requirements.txt (line 140))
#16 11.82   Using cached webencodings-0.5.1-py2.py3-none-any.whl.metadata (2.1 kB)
#16 11.89 Collecting xlsxwriter==3.2.9 (from -r /tmp/service-requirements.txt (line 141))
#16 11.89   Using cached xlsxwriter-3.2.9-py3-none-any.whl.metadata (2.7 kB)
#16 11.95 Collecting zopfli==0.4.1 (from -r /tmp/service-requirements.txt (line 142))
#16 11.96   Using cached zopfli-0.4.1-cp310-abi3-manylinux2014_x86_64.manylinux_2_17_x86_64.whl.metadata (3.5 kB)
#16 12.10 Using cached accelerate-1.12.0-py3-none-any.whl (380 kB)
#16 12.10 Using cached annotated_doc-0.0.4-py3-none-any.whl (5.3 kB)
#16 12.10 Using cached annotated_types-0.7.0-py3-none-any.whl (13 kB)
#16 12.10 Using cached anyio-4.12.1-py3-none-any.whl (113 kB)
#16 12.10 Using cached attrs-25.4.0-py3-none-any.whl (67 kB)
#16 12.10 Using cached beautifulsoup4-4.14.3-py3-none-any.whl (107 kB)
#16 12.11 Using cached brotli-1.2.0-cp311-cp311-manylinux2014_x86_64.manylinux_2_17_x86_64.whl (1.4 MB)
#16 12.11 Using cached certifi-2026.2.25-py3-none-any.whl (153 kB)
#16 12.11 Using cached cffi-2.0.0-cp311-cp311-manylinux2014_x86_64.manylinux_2_17_x86_64.whl (215 kB)
#16 12.11 Using cached charset_normalizer-3.4.5-cp311-cp311-manylinux2014_x86_64.manylinux_2_17_x86_64.manylinux_2_28_x86_64.whl (193 kB)
#16 12.12 Using cached click-8.3.1-py3-none-any.whl (108 kB)
#16 12.12 Using cached colorlog-6.10.1-py3-none-any.whl (11 kB)
#16 12.12 Using cached cssselect2-0.9.0-py3-none-any.whl (15 kB)
#16 12.12 Using cached cuda_pathfinder-1.4.1-py3-none-any.whl (43 kB)
#16 12.12 Using cached defusedxml-0.7.1-py2.py3-none-any.whl (25 kB)
#16 12.12 Using cached dill-0.4.0-py3-none-any.whl (119 kB)
#16 12.12 Using cached docling-2.73.1-py3-none-any.whl (371 kB)
#16 12.13 Using cached docling_core-2.68.0-py3-none-any.whl (247 kB)
#16 12.13 Using cached docling_ibm_models-3.11.0-py3-none-any.whl (87 kB)
#16 12.13 Using cached docling_parse-4.7.3-cp311-cp311-manylinux_2_27_x86_64.manylinux_2_28_x86_64.whl (15.1 MB)
#16 12.16 Using cached easyocr-1.7.2-py3-none-any.whl (2.9 MB)
#16 12.17 Using cached et_xmlfile-2.0.0-py3-none-any.whl (18 kB)
#16 12.17 Using cached faker-40.8.0-py3-none-any.whl (2.0 MB)
#16 12.18 Using cached fastapi-0.135.1-py3-none-any.whl (116 kB)
#16 12.18 Using cached filelock-3.25.0-py3-none-any.whl (26 kB)
#16 12.18 Using cached filetype-1.2.0-py2.py3-none-any.whl (19 kB)
#16 12.18 Using cached fonttools-4.61.1-cp311-cp311-manylinux2014_x86_64.manylinux_2_17_x86_64.whl (5.0 MB)
#16 12.19 Using cached fsspec-2026.2.0-py3-none-any.whl (202 kB)
#16 12.20 Using cached h11-0.16.0-py3-none-any.whl (37 kB)
#16 12.20 Using cached hf_xet-1.3.2-cp37-abi3-manylinux2014_x86_64.manylinux_2_17_x86_64.whl (4.2 MB)
#16 12.21 Using cached httpcore-1.0.9-py3-none-any.whl (78 kB)
#16 12.21 Using cached httpx-0.28.1-py3-none-any.whl (73 kB)
#16 12.21 Using cached huggingface_hub-0.34.4-py3-none-any.whl (561 kB)
#16 12.21 Using cached idna-3.11-py3-none-any.whl (71 kB)
#16 12.21 Using cached imageio-2.37.2-py3-none-any.whl (317 kB)
#16 12.22 Using cached jinja2-3.1.6-py3-none-any.whl (134 kB)
#16 12.22 Using cached jsonlines-4.0.0-py3-none-any.whl (8.7 kB)
#16 12.22 Using cached jsonref-1.1.0-py3-none-any.whl (9.4 kB)
#16 12.22 Using cached jsonschema-4.26.0-py3-none-any.whl (90 kB)
#16 12.22 Using cached jsonschema_specifications-2025.9.1-py3-none-any.whl (18 kB)
#16 12.22 Using cached latex2mathml-3.78.1-py3-none-any.whl (73 kB)
#16 12.23 Using cached lazy_loader-0.5-py3-none-any.whl (8.0 kB)
#16 12.23 Using cached lxml-6.0.2-cp311-cp311-manylinux_2_26_x86_64.manylinux_2_28_x86_64.whl (5.2 MB)
#16 12.24 Using cached markdown_it_py-4.0.0-py3-none-any.whl (87 kB)
#16 12.24 Using cached marko-2.2.2-py3-none-any.whl (42 kB)
#16 12.24 Using cached markupsafe-3.0.3-cp311-cp311-manylinux2014_x86_64.manylinux_2_17_x86_64.manylinux_2_28_x86_64.whl (22 kB)
#16 12.24 Using cached mdformat-1.0.0-py3-none-any.whl (53 kB)
#16 12.25 Using cached mdformat_gfm-1.0.0-py3-none-any.whl (10 kB)
#16 12.25 Using cached mdit_py_plugins-0.5.0-py3-none-any.whl (57 kB)
#16 12.25 Using cached mdurl-0.1.2-py3-none-any.whl (10.0 kB)
#16 12.25 Using cached mpire-2.10.2-py3-none-any.whl (272 kB)
#16 12.25 Using cached mpmath-1.3.0-py3-none-any.whl (536 kB)
#16 12.25 Using cached multiprocess-0.70.18-py311-none-any.whl (144 kB)
#16 12.26 Using cached networkx-3.6.1-py3-none-any.whl (2.1 MB)
#16 12.26 Using cached ninja-1.13.0-py3-none-manylinux2014_x86_64.manylinux_2_17_x86_64.whl (180 kB)
#16 12.26 Using cached numpy-2.4.2-cp311-cp311-manylinux_2_27_x86_64.manylinux_2_28_x86_64.whl (16.9 MB)
#16 12.30 Using cached omegaconf-2.3.0-py3-none-any.whl (79 kB)
#16 12.30 Using cached opencv_python-4.13.0.92-cp37-abi3-manylinux_2_28_x86_64.whl (72.9 MB)
#16 12.45 Using cached opencv_python_headless-4.13.0.92-cp37-abi3-manylinux_2_28_x86_64.whl (60.4 MB)
#16 12.57 Using cached openpyxl-3.1.5-py2.py3-none-any.whl (250 kB)
#16 12.57 Using cached packaging-26.0-py3-none-any.whl (74 kB)
#16 12.58 Using cached pandas-2.3.3-cp311-cp311-manylinux_2_24_x86_64.manylinux_2_28_x86_64.whl (12.8 MB)
#16 12.60 Using cached pillow-12.1.1-cp311-cp311-manylinux_2_27_x86_64.manylinux_2_28_x86_64.whl (7.0 MB)
#16 12.62 Using cached pluggy-1.6.0-py3-none-any.whl (20 kB)
#16 12.62 Using cached polyfactory-3.3.0-py3-none-any.whl (62 kB)
#16 12.62 Using cached prometheus_client-0.24.1-py3-none-any.whl (64 kB)
#16 12.63 Using cached psutil-7.2.2-cp36-abi3-manylinux2010_x86_64.manylinux_2_12_x86_64.manylinux_2_28_x86_64.whl (155 kB)
#16 12.63 Using cached pyclipper-1.4.0-cp311-cp311-manylinux2014_x86_64.manylinux_2_17_x86_64.whl (989 kB)
#16 12.63 Using cached pycparser-3.0-py3-none-any.whl (48 kB)
#16 12.63 Using cached pydantic-2.12.5-py3-none-any.whl (463 kB)
#16 12.64 Using cached pydantic_core-2.41.5-cp311-cp311-manylinux_2_17_x86_64.manylinux2014_x86_64.whl (2.1 MB)
#16 12.64 Using cached pydantic_settings-2.13.1-py3-none-any.whl (58 kB)
#16 12.64 Using cached pydyf-0.12.1-py3-none-any.whl (8.0 kB)
#16 12.65 Using cached pygments-2.19.2-py3-none-any.whl (1.2 MB)
#16 12.65 Using cached pymupdf-1.27.1-cp310-abi3-manylinux_2_28_x86_64.whl (24.9 MB)
#16 12.70 Using cached pymupdf4llm-0.3.4-py3-none-any.whl (78 kB)
#16 12.70 Using cached pypdfium2-5.6.0-py3-none-manylinux_2_17_x86_64.manylinux2014_x86_64.whl (3.6 MB)
#16 12.71 Using cached pyphen-0.17.2-py3-none-any.whl (2.1 MB)
#16 12.72 Using cached python_bidi-0.6.7-cp311-cp311-manylinux_2_17_x86_64.manylinux2014_x86_64.whl (302 kB)
#16 12.72 Using cached python_dateutil-2.9.0.post0-py2.py3-none-any.whl (229 kB)
#16 12.72 Using cached python_docx-1.2.0-py3-none-any.whl (252 kB)
#16 12.73 Using cached python_dotenv-1.2.2-py3-none-any.whl (22 kB)
#16 12.73 Using cached python_multipart-0.0.22-py3-none-any.whl (24 kB)
#16 12.73 Using cached python_pptx-1.0.2-py3-none-any.whl (472 kB)
#16 12.73 Using cached pytz-2026.1.post1-py2.py3-none-any.whl (510 kB)
#16 12.74 Using cached pyyaml-6.0.3-cp311-cp311-manylinux2014_x86_64.manylinux_2_17_x86_64.manylinux_2_28_x86_64.whl (806 kB)
#16 12.74 Using cached rapidocr-3.7.0-py3-none-any.whl (15.1 MB)
#16 12.77 Using cached referencing-0.37.0-py3-none-any.whl (26 kB)
#16 12.77 Using cached regex-2026.2.28-cp311-cp311-manylinux2014_x86_64.manylinux_2_17_x86_64.manylinux_2_28_x86_64.whl (800 kB)
#16 12.78 Using cached requests-2.32.5-py3-none-any.whl (64 kB)
#16 12.78 Using cached rich-14.3.3-py3-none-any.whl (310 kB)
#16 12.78 Using cached rpds_py-0.30.0-cp311-cp311-manylinux_2_17_x86_64.manylinux2014_x86_64.whl (390 kB)
#16 12.78 Using cached rtree-1.4.1-py3-none-manylinux_2_24_x86_64.manylinux_2_28_x86_64.whl (507 kB)
#16 12.79 Using cached safetensors-0.5.3-cp38-abi3-manylinux_2_17_x86_64.manylinux2014_x86_64.whl (471 kB)
#16 12.79 Using cached scikit_image-0.26.0-cp311-cp311-manylinux_2_24_x86_64.manylinux_2_28_x86_64.whl (13.7 MB)
#16 12.82 Using cached scipy-1.17.1-cp311-cp311-manylinux_2_27_x86_64.manylinux_2_28_x86_64.whl (35.3 MB)
#16 12.90 Using cached semchunk-2.2.2-py3-none-any.whl (10 kB)
#16 12.90 Using cached shapely-2.1.2-cp311-cp311-manylinux2014_x86_64.manylinux_2_17_x86_64.whl (3.1 MB)
#16 12.91 Using cached shellingham-1.5.4-py2.py3-none-any.whl (9.8 kB)
#16 12.91 Using cached six-1.17.0-py2.py3-none-any.whl (11 kB)
#16 12.91 Using cached soupsieve-2.8.3-py3-none-any.whl (37 kB)
#16 12.91 Using cached starlette-0.52.1-py3-none-any.whl (74 kB)
#16 12.91 Using cached sympy-1.14.0-py3-none-any.whl (6.3 MB)
#16 12.93 Using cached tabulate-0.9.0-py3-none-any.whl (35 kB)
#16 12.93 Using cached tifffile-2026.3.3-py3-none-any.whl (243 kB)
#16 12.93 Using cached tinycss2-1.5.1-py3-none-any.whl (28 kB)
#16 12.93 Using cached tinyhtml5-2.1.0-py3-none-any.whl (39 kB)
#16 12.93 Using cached tokenizers-0.22.2-cp39-abi3-manylinux_2_17_x86_64.manylinux2014_x86_64.whl (3.3 MB)
#16 12.94 Using cached tqdm-4.67.3-py3-none-any.whl (78 kB)
#16 12.94 Using cached transformers-4.57.3-py3-none-any.whl (12.0 MB)
#16 12.97 Using cached tree_sitter-0.25.2-cp311-cp311-manylinux2014_x86_64.manylinux_2_17_x86_64.manylinux_2_28_x86_64.whl (632 kB)
#16 12.97 Using cached tree_sitter_c-0.24.1-cp310-abi3-manylinux_2_5_x86_64.manylinux1_x86_64.manylinux_2_17_x86_64.manylinux2014_x86_64.whl (98 kB)
#16 12.97 Using cached tree_sitter_javascript-0.25.0-cp310-abi3-manylinux1_x86_64.manylinux_2_28_x86_64.manylinux_2_5_x86_64.whl (99 kB)
#16 12.98 Using cached tree_sitter_python-0.25.0-cp310-abi3-manylinux1_x86_64.manylinux_2_28_x86_64.manylinux_2_5_x86_64.whl (108 kB)
#16 12.98 Using cached tree_sitter_typescript-0.23.2-cp39-abi3-manylinux_2_5_x86_64.manylinux1_x86_64.manylinux_2_17_x86_64.manylinux2014_x86_64.whl (344 kB)
#16 12.98 Using cached typer-0.21.2-py3-none-any.whl (56 kB)
#16 12.98 Using cached typing_extensions-4.15.0-py3-none-any.whl (44 kB)
#16 12.99 Using cached typing_inspection-0.4.2-py3-none-any.whl (14 kB)
#16 12.99 Using cached tzdata-2025.3-py2.py3-none-any.whl (348 kB)
#16 12.99 Using cached urllib3-2.6.3-py3-none-any.whl (131 kB)
#16 12.99 Using cached uvicorn-0.41.0-py3-none-any.whl (68 kB)
#16 12.99 Using cached wcwidth-0.6.0-py3-none-any.whl (94 kB)
#16 12.99 Using cached weasyprint-68.1-py3-none-any.whl (319 kB)
#16 13.00 Using cached webencodings-0.5.1-py2.py3-none-any.whl (11 kB)
#16 13.00 Using cached xlsxwriter-3.2.9-py3-none-any.whl (175 kB)
#16 13.00 Using cached zopfli-0.4.1-cp310-abi3-manylinux2014_x86_64.manylinux_2_17_x86_64.whl (829 kB)
#16 13.39 Installing collected packages: webencodings, pytz, python-bidi, pylatexenc, mpmath, mpire, filetype, easyocr, brotli, antlr4-python3-runtime, zopfli, xlsxwriter, weasyprint, wcwidth, uvicorn, urllib3, tzdata, typing-inspection, typing-extensions, typer, tree-sitter-typescript, tree-sitter-python, tree-sitter-javascript, tree-sitter-c, tree-sitter, transformers, tqdm, tokenizers, tinyhtml5, tinycss2, tifffile, tabulate, sympy, starlette, soupsieve, six, shellingham, shapely, semchunk, scipy, scikit-image, safetensors, rtree, rpds-py, rich, requests, regex, referencing, rapidocr, pyyaml, python-pptx, python-multipart, python-dotenv, python-docx, python-dateutil, pyphen, pypdfium2, pymupdf4llm, pymupdf, pygments, pydyf, pydantic-settings, pydantic-core, pydantic, pycparser, pyclipper, psutil, prometheus-client, polyfactory, pluggy, pillow, pandas, packaging, openpyxl, opencv-python-headless, opencv-python, omegaconf, numpy, ninja, networkx, multiprocess, mdurl, mdit-py-plugins, mdformat-gfm, mdformat, markupsafe, marko, markdown-it-py, lxml, lazy-loader, latex2mathml, jsonschema-specifications, jsonschema, jsonref, jsonlines, jinja2, imageio, idna, huggingface-hub, httpx, httpcore, hf-xet, h11, fsspec, fonttools, filelock, fastapi, faker, et-xmlfile, docling-parse, docling-ibm-models, docling-core, docling, dill, defusedxml, cuda-pathfinder, cssselect2, colorlog, click, charset-normalizer, cffi, certifi, beautifulsoup4, attrs, anyio, annotated-types, annotated-doc, accelerate
#16 56.66
#16 56.67 Successfully installed accelerate-1.12.0 annotated-doc-0.0.4 annotated-types-0.7.0 antlr4-python3-runtime-4.9.3 anyio-4.12.1 attrs-25.4.0 beautifulsoup4-4.14.3 brotli-1.2.0 certifi-2026.2.25 cffi-2.0.0 charset-normalizer-3.4.5 click-8.3.1 colorlog-6.10.1 cssselect2-0.9.0 cuda-pathfinder-1.4.1 defusedxml-0.7.1 dill-0.4.0 docling-2.73.1 docling-core-2.68.0 docling-ibm-models-3.11.0 docling-parse-4.7.3 easyocr-1.7.2 et-xmlfile-2.0.0 faker-40.8.0 fastapi-0.135.1 filelock-3.25.0 filetype-1.2.0 fonttools-4.61.1 fsspec-2026.2.0 h11-0.16.0 hf-xet-1.3.2 httpcore-1.0.9 httpx-0.28.1 huggingface-hub-0.34.4 idna-3.11 imageio-2.37.2 jinja2-3.1.6 jsonlines-4.0.0 jsonref-1.1.0 jsonschema-4.26.0 jsonschema-specifications-2025.9.1 latex2mathml-3.78.1 lazy-loader-0.5 lxml-6.0.2 markdown-it-py-4.0.0 marko-2.2.2 markupsafe-3.0.3 mdformat-1.0.0 mdformat-gfm-1.0.0 mdit-py-plugins-0.5.0 mdurl-0.1.2 mpire-2.10.2 mpmath-1.3.0 multiprocess-0.70.18 networkx-3.6.1 ninja-1.13.0 numpy-2.4.2 omegaconf-2.3.0 opencv-python-4.13.0.92 opencv-python-headless-4.13.0.92 openpyxl-3.1.5 packaging-26.0 pandas-2.3.3 pillow-12.1.1 pluggy-1.6.0 polyfactory-3.3.0 prometheus-client-0.24.1 psutil-7.2.2 pyclipper-1.4.0 pycparser-3.0 pydantic-2.12.5 pydantic-core-2.41.5 pydantic-settings-2.13.1 pydyf-0.12.1 pygments-2.19.2 pylatexenc-2.10 pymupdf-1.27.1 pymupdf4llm-0.3.4 pypdfium2-5.6.0 pyphen-0.17.2 python-bidi-0.6.7 python-dateutil-2.9.0.post0 python-docx-1.2.0 python-dotenv-1.2.2 python-multipart-0.0.22 python-pptx-1.0.2 pytz-2026.1.post1 pyyaml-6.0.3 rapidocr-3.7.0 referencing-0.37.0 regex-2026.2.28 requests-2.32.5 rich-14.3.3 rpds-py-0.30.0 rtree-1.4.1 safetensors-0.5.3 scikit-image-0.26.0 scipy-1.17.1 semchunk-2.2.2 shapely-2.1.2 shellingham-1.5.4 six-1.17.0 soupsieve-2.8.3 starlette-0.52.1 sympy-1.14.0 tabulate-0.9.0 tifffile-2026.3.3 tinycss2-1.5.1 tinyhtml5-2.1.0 tokenizers-0.22.2 tqdm-4.67.3 transformers-4.57.3 tree-sitter-0.25.2 tree-sitter-c-0.24.1 tree-sitter-javascript-0.25.0 tree-sitter-python-0.25.0 tree-sitter-typescript-0.23.2 typer-0.21.2 typing-extensions-4.15.0 typing-inspection-0.4.2 tzdata-2025.3 urllib3-2.6.3 uvicorn-0.41.0 wcwidth-0.6.0 weasyprint-68.1 webencodings-0.5.1 xlsxwriter-3.2.9 zopfli-0.4.1
#16 DONE 69.5s

#17 [rocm-deps 1/3] COPY docker/service-deps/rocm-runtime.env /tmp/rocm-runtime.env
#17 DONE 0.2s

#18 [rocm-deps 2/3] RUN --mount=type=cache,id=sir-convert-a-lot-pip-rocm,target=/root/.cache/pip     . /tmp/rocm-runtime.env     && python -m pip install --upgrade         --index-url "${SIR_CONVERT_A_LOT_TORCH_ROCM_INDEX_URL}"         "torch==${SIR_CONVERT_A_LOT_TORCH_VERSION}"         "torchvision==${SIR_CONVERT_A_LOT_TORCHVISION_VERSION}"         "torchaudio==${SIR_CONVERT_A_LOT_TORCHAUDIO_VERSION}"
#18 1.213 Looking in indexes: https://download.pytorch.org/whl/rocm7.1
#18 1.840 Collecting torch==2.10.0+rocm7.1
#18 1.845   Using cached https://download-r2.pytorch.org/whl/rocm7.1/torch-2.10.0%2Brocm7.1-cp311-cp311-manylinux_2_28_x86_64.whl (5383.6 MB)
#18 42.52 Collecting torchvision==0.25.0+rocm7.1
#18 42.53   Using cached https://download-r2.pytorch.org/whl/rocm7.1/torchvision-0.25.0%2Brocm7.1-cp311-cp311-manylinux_2_28_x86_64.whl.metadata (5.4 kB)
#18 43.03 Collecting torchaudio==2.10.0+rocm7.1
#18 43.06   Using cached https://download-r2.pytorch.org/whl/rocm7.1/torchaudio-2.10.0%2Brocm7.1-cp311-cp311-manylinux_2_28_x86_64.whl.metadata (6.9 kB)
#18 43.08 Requirement already satisfied: filelock in ./.venv/lib/python3.11/site-packages (from torch==2.10.0+rocm7.1) (3.25.0)
#18 43.08 Requirement already satisfied: typing-extensions>=4.10.0 in ./.venv/lib/python3.11/site-packages (from torch==2.10.0+rocm7.1) (4.15.0)
#18 43.08 Requirement already satisfied: sympy>=1.13.3 in ./.venv/lib/python3.11/site-packages (from torch==2.10.0+rocm7.1) (1.14.0)
#18 43.08 Requirement already satisfied: networkx>=2.5.1 in ./.venv/lib/python3.11/site-packages (from torch==2.10.0+rocm7.1) (3.6.1)
#18 43.09 Requirement already satisfied: jinja2 in ./.venv/lib/python3.11/site-packages (from torch==2.10.0+rocm7.1) (3.1.6)
#18 43.09 Requirement already satisfied: fsspec>=0.8.5 in ./.venv/lib/python3.11/site-packages (from torch==2.10.0+rocm7.1) (2026.2.0)
#18 43.44 Collecting triton-rocm==3.6.0 (from torch==2.10.0+rocm7.1)
#18 43.48   Using cached https://download-r2.pytorch.org/whl/triton_rocm-3.6.0-cp311-cp311-linux_x86_64.whl.metadata (1.7 kB)
#18 43.49 Requirement already satisfied: numpy in ./.venv/lib/python3.11/site-packages (from torchvision==0.25.0+rocm7.1) (2.4.2)
#18 43.49 Requirement already satisfied: pillow!=8.3.*,>=5.3.0 in ./.venv/lib/python3.11/site-packages (from torchvision==0.25.0+rocm7.1) (12.1.1)
#18 43.64 Requirement already satisfied: mpmath<1.4,>=1.1.0 in ./.venv/lib/python3.11/site-packages (from sympy>=1.13.3->torch==2.10.0+rocm7.1) (1.3.0)
#18 43.75 Requirement already satisfied: MarkupSafe>=2.0 in ./.venv/lib/python3.11/site-packages (from jinja2->torch==2.10.0+rocm7.1) (3.0.3)
#18 43.85 Using cached https://download-r2.pytorch.org/whl/rocm7.1/torchvision-0.25.0%2Brocm7.1-cp311-cp311-manylinux_2_28_x86_64.whl (3.5 MB)
#18 43.91 Using cached https://download-r2.pytorch.org/whl/rocm7.1/torchaudio-2.10.0%2Brocm7.1-cp311-cp311-manylinux_2_28_x86_64.whl (415 kB)
#18 43.93 Using cached https://download-r2.pytorch.org/whl/triton_rocm-3.6.0-cp311-cp311-linux_x86_64.whl (302.4 MB)
#18 50.49 Installing collected packages: triton-rocm, torch, torchvision, torchaudio
#18 209.8
#18 209.8 Successfully installed torch-2.10.0+rocm7.1 torchaudio-2.10.0+rocm7.1 torchvision-0.25.0+rocm7.1 triton-rocm-3.6.0
#18 DONE 214.8s

#19 [rocm-deps 3/3] RUN mkdir -p /opt/easyocr-models     && python -c 'import easyocr; easyocr.Reader(["sv", "en"], gpu=False, model_storage_directory="/opt/easyocr-models", download_enabled=True, verbose=False)'
#19 4.796 Downloading detection model, please wait. This may take several minutes depending upon your network connection.
#19 7.220 Downloading recognition model, please wait. This may take several minutes depending upon your network connection.
#19 DONE 11.7s

#20 exporting to image
#20 exporting layers
#20 exporting layers 39.9s done
#20 writing image sha256:4c0c7e11fcacbecacb2b5428ebc38722f5903f8c6dfc71e5f9a9d64bcde88893 done
#20 naming to docker.io/library/sir-convert-a-lot-deps-rocm:b6265e4ee42c43c255e400bc1516cc04d8601ceaf6961008dc09ad7a60f6df89 0.0s done
#20 naming to docker.io/library/sir-convert-a-lot-deps-rocm:local 0.0s done
#20 DONE 40.0s
#1 [internal] load local bake definitions
#1 reading from stdin 750B done
#1 DONE 0.0s

#2 [internal] load build definition from Dockerfile
#2 transferring dockerfile: 1.38kB done
#2 DONE 0.0s

#3 [internal] load metadata for docker.io/library/sir-convert-a-lot-deps-rocm:b6265e4ee42c43c255e400bc1516cc04d8601ceaf6961008dc09ad7a60f6df89
#3 DONE 0.0s

#4 [internal] load .dockerignore
#4 transferring context: 1.22kB done
#4 DONE 0.0s

#5 [internal] load build context
#5 transferring context: 1.57MB 0.1s done
#5 DONE 0.2s

#6 [ 1/10] FROM docker.io/library/sir-convert-a-lot-deps-rocm:b6265e4ee42c43c255e400bc1516cc04d8601ceaf6961008dc09ad7a60f6df89
#6 DONE 0.7s

#7 [ 2/10] COPY scripts/__init__.py ./scripts/__init__.py
#7 DONE 0.2s

#8 [ 3/10] COPY scripts/sir_convert_a_lot/__init__.py ./scripts/sir_convert_a_lot/__init__.py
#8 DONE 0.4s

#9 [ 4/10] COPY scripts/sir_convert_a_lot/service.py ./scripts/sir_convert_a_lot/service.py
#9 DONE 0.2s

#10 [ 5/10] COPY scripts/sir_convert_a_lot/application ./scripts/sir_convert_a_lot/application
#10 DONE 0.2s

#11 [ 6/10] COPY scripts/sir_convert_a_lot/domain ./scripts/sir_convert_a_lot/domain
#11 DONE 0.2s

#12 [ 7/10] COPY scripts/sir_convert_a_lot/infrastructure ./scripts/sir_convert_a_lot/infrastructure
#12 DONE 0.3s

#13 [ 8/10] COPY scripts/sir_convert_a_lot/integrations ./scripts/sir_convert_a_lot/integrations
#13 DONE 0.2s

#14 [ 9/10] COPY scripts/sir_convert_a_lot/interfaces ./scripts/sir_convert_a_lot/interfaces
#14 DONE 0.2s

#15 [10/10] COPY scripts/sir_convert_a_lot/templates ./scripts/sir_convert_a_lot/templates
#15 DONE 0.2s

#16 exporting to image
#16 exporting layers
#16 exporting layers 0.4s done
#16 writing image sha256:a48a743d6b00ff133a6c1270775d5cef301cd21628c1d6623b84a7aeb0f75187 0.0s done
#16 naming to docker.io/library/sir-convert-a-lot-runtime:local 0.0s done
#16 DONE 0.5s

#17 resolving provenance for metadata file
#17 DONE 0.0s
 sir-convert-a-lot-runtime:local  Built
